1. Крестик сделать поаакуратнее.Бросается в глаза, что неровно
2. При попытке добавить новое значение страница перезагружается